// Jest Snapshot v1, https://goo.gl/fbAQLP

exports[`weight-properties weight-properties: 0 1`] = `
<div>
  <form
    onSubmit={[Function]}
  >
    <h2>
      Component with weighted properties
    </h2>
    <div>
      <div>
        <div>
          <div>
            <h3>
              Content
            </h3>
            <div
              className="formItemTextarea-0-1-6"
            >
              <label
                className="formItemTextarea_label-0-1-7"
                htmlFor="title"
              >
                Title
              </label>
              <textarea
                className="formItemTextarea_textarea-0-1-8"
                id="title"
                name="title"
                onChange={[Function]}
                rows={3}
                value="example text"
              />
            </div>
            <div
              className="formItemTextarea-0-1-9"
            >
              <label
                className="formItemTextarea_label-0-1-10"
                htmlFor="text"
              >
                Text
              </label>
              <textarea
                className="formItemTextarea_textarea-0-1-11"
                id="text"
                name="text"
                onChange={[Function]}
                rows={3}
                value="Example text"
              />
            </div>
            <div
              className="formItemTextarea-0-1-12"
            >
              <label
                className="formItemTextarea_label-0-1-13"
                htmlFor="details"
              >
                Details
              </label>
              <textarea
                className="formItemTextarea_textarea-0-1-14"
                id="details"
                name="details"
                onChange={[Function]}
                rows={3}
                value="example text"
              />
            </div>
          </div>
          <div>
            <h3>
              Formatting
            </h3>
            <div>
              <div
                className="formItemAlignHorizontal-0-1-15"
              >
                <label
                  className="formItemAlignHorizontal_label-0-1-16"
                  htmlFor="alignHorizontal"
                >
                  Align horizontal
                </label>
                <div>
                  <span>
                    <input
                      aria-label="left align"
                      checked={true}
                      className="formItemAlignHorizontal_input__left-0-1-17"
                      id="alignHorizontal1"
                      name="alignHorizontal"
                      onChange={[Function]}
                      type="radio"
                      value="left"
                    />
                  </span>
                  <span>
                    <input
                      aria-label="center align"
                      checked={false}
                      className="formItemAlignHorizontal_input__center-0-1-18"
                      id="alignHorizontal2"
                      name="alignHorizontal"
                      onChange={[Function]}
                      type="radio"
                      value="center"
                    />
                  </span>
                  <span>
                    <input
                      aria-label="right align"
                      checked={false}
                      className="formItemAlignHorizontal_input__right-0-1-19"
                      id="alignHorizontal3"
                      name="alignHorizontal"
                      onChange={[Function]}
                      type="radio"
                      value="right"
                    />
                  </span>
                </div>
              </div>
            </div>
            <div
              className="formItemSelect-0-1-20"
            >
              <label
                className="formItemSelect_label-0-1-21"
              >
                Align vertical
              </label>
              <span
                className="formItemSelect_span-0-1-22"
              >
                <select
                  className="formItemSelect_input-0-1-23"
                  onChange={[Function]}
                  value="top"
                >
                  <option
                    className="formItemSelect_option-0-1-24"
                    value="top"
                  >
                    top
                  </option>
                  <option
                    className="formItemSelect_option-0-1-24"
                    value="bottom"
                  >
                    bottom
                  </option>
                  <option
                    className="formItemSelect_option-0-1-24"
                    value="center"
                  >
                    center
                  </option>
                </select>
              </span>
            </div>
            <div
              className="formItemNumberField-0-1-25"
            >
              <label
                className="formItemNumberField_label-0-1-26"
                htmlFor="level"
              >
                Level
              </label>
              <input
                className="formItemNumberField_input-0-1-27"
                id="level"
                max={undefined}
                min={undefined}
                name="number5"
                onChange={[Function]}
                step={undefined}
                type="number"
                value="5"
              />
            </div>
          </div>
          <div>
            <h3>
              Developer
            </h3>
            <div
              className="formItemSelect-0-1-28"
            >
              <label
                className="formItemSelect_label-0-1-29"
              >
                HTML tag
              </label>
              <span
                className="formItemSelect_span-0-1-30"
              >
                <select
                  className="formItemSelect_input-0-1-31"
                  onChange={[Function]}
                  value="span"
                >
                  <option
                    className="formItemSelect_option-0-1-32"
                    value="span"
                  >
                    span
                  </option>
                  <option
                    className="formItemSelect_option-0-1-32"
                    value="button"
                  >
                    button
                  </option>
                </select>
              </span>
            </div>
          </div>
        </div>
      </div>
    </div>
  </form>
</div>
`;
