// Jest Snapshot v1, https://goo.gl/fbAQLP

exports[`text-field text-field: 0 1`] = `
<div>
  <form
    onSubmit={[Function]}
  >
    <h2>
      Component with text-field
    </h2>
    <div>
      <div>
        <div>
          <div
            className="formItemSelect-0-1-6"
          >
            <label
              className="formItemSelect_label-0-1-7"
            >
              Tag
            </label>
            <span
              className="formItemSelect_span-0-1-8"
            >
              <select
                className="formItemSelect_input-0-1-9"
                onChange={[Function]}
                value="span"
              >
                <option
                  className="formItemSelect_option-0-1-10"
                  value="span"
                >
                  span
                </option>
                <option
                  className="formItemSelect_option-0-1-10"
                  value="button"
                >
                  button
                </option>
              </select>
            </span>
          </div>
          <div
            className="formItemTextarea-0-1-11"
          >
            <label
              className="formItemTextarea_label-0-1-12"
              htmlFor="text"
            >
              Text
            </label>
            <textarea
              className="formItemTextarea_textarea-0-1-13"
              id="text"
              name="text"
              onChange={[Function]}
              rows={3}
              value="Example text"
            />
          </div>
        </div>
      </div>
    </div>
  </form>
</div>
`;
