// Jest Snapshot v1, https://goo.gl/fbAQLP

exports[`media media: 0 1`] = `
<picture
  className="picture"
>
  <source
    media="(min-width: 1399px)"
    srcSet="https://placehold.it/1399x600/2F2F2F/171717"
  />
  <source
    media="(min-width: 1083px)"
    srcSet="https://placehold.it/1083x500/2F2F2F/171717"
  />
  <source
    media="(min-width: 767px)"
    srcSet="https://placehold.it/767x400/2F2F2F/171717"
  />
  <source
    media="(min-width: 0px)"
    srcSet="https://placehold.it/539x300/2F2F2F/171717"
  />
  <img
    alt="Placeholder with grey background and dimension watermark without any imagery"
    className={undefined}
    src="https://placehold.it/1399x600/2F2F2F/171717"
    srcSet="https://placehold.it/1399x600/2F2F2F/171717"
  />
</picture>
`;
