// Jest Snapshot v1, https://goo.gl/fbAQLP

exports[`checkbox checkbox: 0 1`] = `
<div>
  <form
    onSubmit={[Function]}
  >
    <h2>
      Component with checkbox
    </h2>
    <div>
      <div>
        <div>
          <div
            className="formItemCheckbox-0-1-6"
          >
            <label
              className="formItemCheckbox_label-0-1-7"
              htmlFor="toggle"
            >
              Checkbox
              <input
                checked={true}
                className="formItemCheckbox_input-0-1-8"
                id="toggle"
                onChange={[Function]}
                type="checkbox"
                value="true"
              />
              <span />
            </label>
          </div>
        </div>
      </div>
    </div>
  </form>
</div>
`;
