// Jest Snapshot v1, https://goo.gl/fbAQLP

exports[`any-of any-of: 0 1`] = `
<div>
  <form
    onSubmit={[Function]}
  >
    <h2>
      Component with anyOf
    </h2>
    <div>
      <div>
        <div>
          <label
            htmlFor="1"
          >
            Configuration
          </label>
          <select
            id="1"
            onChange={[Function]}
            value={0}
          >
            <option
              value={0}
            >
              String
            </option>
            <option
              value={1}
            >
              Number
            </option>
          </select>
          <hr
            role="presentation"
          />
          <div
            className="formItemTextarea-0-1-6"
          >
            <label
              className="formItemTextarea_label-0-1-7"
              htmlFor="string"
            >
              String
            </label>
            <textarea
              className="formItemTextarea_textarea-0-1-8"
              id="string"
              name="string"
              onChange={[Function]}
              rows={3}
              value={undefined}
            />
          </div>
        </div>
      </div>
    </div>
  </form>
</div>
`;
