// Jest Snapshot v1, https://goo.gl/fbAQLP

exports[`image Image: 0 1`] = `
<picture
  className="c-image o-round"
>
  <img
    alt="Placeholder with grey background and dimension watermark without any imagery"
    src="http://placehold.it/1399x600/2F2F2F/171717"
    srcSet="http://placehold.it/1399x600/2F2F2F/171717"
  />
</picture>
`;
